cache size 32request: 5request: 3request: 4request: 2request: 1page count = 5
page faults = 5
